###############################################################################
#
# IAR ELF Linker V8.10.1.12857/W32 for ARM                11/Oct/2017  22:22:51
# Copyright 2007-2017 IAR Systems AB.
#
#    Output file  =  C:\embeded_programming\robot\Debug\Exe\First_Project.out
#    Map file     =  C:\embeded_programming\robot\Debug\List\First_Project.map
#    Command line =  
#        -f C:\Users\aleks\AppData\Local\Temp\EWC20E.tmp
#        (C:\embeded_programming\robot\Debug\Obj\definicje.o
#        C:\embeded_programming\robot\Debug\Obj\L3GD20.o
#        C:\embeded_programming\robot\Debug\Obj\LSM303DLHC.o
#        C:\embeded_programming\robot\Debug\Obj\main.o
#        C:\embeded_programming\robot\Debug\Obj\misc.o
#        C:\embeded_programming\robot\Debug\Obj\startup_stm32f4xx.o
#        C:\embeded_programming\robot\Debug\Obj\stm32f4_discovery.o
#        C:\embeded_programming\robot\Debug\Obj\stm32f4xx_gpio.o
#        C:\embeded_programming\robot\Debug\Obj\stm32f4xx_i2c.o
#        C:\embeded_programming\robot\Debug\Obj\stm32f4xx_it.o
#        C:\embeded_programming\robot\Debug\Obj\stm32f4xx_rcc.o
#        C:\embeded_programming\robot\Debug\Obj\stm32f4xx_spi.o
#        C:\embeded_programming\robot\Debug\Obj\system_stm32f4xx.o -o
#        C:\embeded_programming\robot\Debug\Exe\First_Project.out --redirect
#        _Printf=_PrintfFullNoMb --redirect _Scanf=_ScanfFullNoMb --map
#        C:\embeded_programming\robot\Debug\List\First_Project.map --config
#        C:\embeded_programming\robot\First_Project.icf --semihosting --entry
#        __iar_program_start --vfe --text_out locale)
#
###############################################################################

*******************************************************************************
*** RUNTIME MODEL ATTRIBUTES
***

CppFlavor       = *
__SystemLibrary = DLib
__dlib_version  = 6


*******************************************************************************
*** HEAP SELECTION
***

The basic heap was selected because some modules are built with
size limitations (and not runtime checking), and --advanced_heap
was not specified.


*******************************************************************************
*** PLACEMENT SUMMARY
***

"A0":  place at 0x08000000 { ro section .intvec };
"P1":  place in [from 0x08000000 to 0x0803ffff] { ro };
"P2":  place in [from 0x20000000 to 0x2000ffff] { rw, block CSTACK, block HEAP };

  Section          Kind        Address    Size  Object
  -------          ----        -------    ----  ------
"A0":                                    0x188
  .intvec          ro code  0x08000000   0x188  startup_stm32f4xx.o [1]
                          - 0x08000188   0x188

"P1":                                   0x1dd0
  .text            ro code  0x08000188   0x98c  main.o [1]
  .text            ro code  0x08000b14    0xd2  L3GD20.o [1]
  .rodata          const    0x08000be6     0x2  stm32f4xx_it.o [1]
  .text            ro code  0x08000be8   0x104  LSM303DLHC.o [1]
  .text            ro code  0x08000cec    0x22  S32ToDbl.o [4]
  .text            ro code  0x08000d10   0x1a2  DblMul.o [4]
  .text            ro code  0x08000eb4   0x246  DblDiv.o [4]
  .text            ro code  0x080010fc    0x68  DblToFlt.o [4]
  .text            ro code  0x08001164    0xfc  FltDiv.o [4]
  .text            ro code  0x08001260    0x6c  atan32.o [4]
  .text            ro code  0x080012cc    0x48  FltToDbl.o [4]
  .text            ro code  0x08001314    0x1a  U32ToDbl.o [4]
  .text            ro code  0x08001330    0x24  FltCmpGe.o [4]
  .text            ro code  0x08001354    0x24  S32ToFlt.o [4]
  .text            ro code  0x08001378    0xe2  FltAdd.o [4]
  .text            ro code  0x0800145c    0xd8  FltMul.o [4]
  .text            ro code  0x08001534   0x178  DblAdd.o [4]
  .text            ro code  0x080016ac    0x80  FltSub.o [4]
  .text            ro code  0x0800172c    0x24  FltCmpLe.o [4]
  .text            ro code  0x08001750    0x3a  DblToS32.o [4]
  .text            ro code  0x0800178c   0x120  iar_Atan32.o [4]
  .text            ro code  0x080018ac    0xd2  DblSub.o [4]
  .text            ro code  0x08001980   0x250  stm32f4xx_it.o [1]
  .text            ro code  0x08001bd0   0x144  system_stm32f4xx.o [1]
  .text            ro code  0x08001d14    0x40  zero_init3.o [5]
  .text            ro code  0x08001d54    0x28  data_init.o [5]
  .iar.init_table  const    0x08001d7c    0x10  - Linker created -
  .text            ro code  0x08001d8c    0x1a  cmain.o [5]
  .text            ro code  0x08001da6     0x4  low_level_init.o [3]
  .text            ro code  0x08001daa     0x4  exit.o [3]
  .text            ro code  0x08001db0     0xa  cexit.o [5]
  .text            ro code  0x08001dbc    0x14  exit.o [6]
  .text            ro code  0x08001dd0    0x10  startup_stm32f4xx.o [1]
  .text            ro code  0x08001de0     0xc  cstartup_M.o [5]
  .text            ro code  0x08001dec     0x4  startup_stm32f4xx.o [1]
  .text            ro code  0x08001df0     0x4  startup_stm32f4xx.o [1]
  .text            ro code  0x08001df4     0x4  startup_stm32f4xx.o [1]
  .text            ro code  0x08001df8     0x4  startup_stm32f4xx.o [1]
  .text            ro code  0x08001dfc     0x4  startup_stm32f4xx.o [1]
  .text            ro code  0x08001e00     0x4  startup_stm32f4xx.o [1]
  .text            ro code  0x08001e04     0x4  startup_stm32f4xx.o [1]
  .text            ro code  0x08001e08     0x4  startup_stm32f4xx.o [1]
  .text            ro code  0x08001e0c     0x4  startup_stm32f4xx.o [1]
  .text            ro code  0x08001e10     0x4  startup_stm32f4xx.o [1]
  .text            ro code  0x08001e14     0x4  startup_stm32f4xx.o [1]
  .text            ro code  0x08001e18     0x4  startup_stm32f4xx.o [1]
  .text            ro code  0x08001e1c     0x4  startup_stm32f4xx.o [1]
  .text            ro code  0x08001e20     0x4  startup_stm32f4xx.o [1]
  .text            ro code  0x08001e24     0x4  startup_stm32f4xx.o [1]
  .text            ro code  0x08001e28     0x4  startup_stm32f4xx.o [1]
  .text            ro code  0x08001e2c     0x4  startup_stm32f4xx.o [1]
  .text            ro code  0x08001e30     0x4  startup_stm32f4xx.o [1]
  .text            ro code  0x08001e34     0x4  startup_stm32f4xx.o [1]
  .text            ro code  0x08001e38     0x4  startup_stm32f4xx.o [1]
  .text            ro code  0x08001e3c     0x4  startup_stm32f4xx.o [1]
  .text            ro code  0x08001e40     0x4  startup_stm32f4xx.o [1]
  .text            ro code  0x08001e44     0x4  startup_stm32f4xx.o [1]
  .text            ro code  0x08001e48     0x4  startup_stm32f4xx.o [1]
  .text            ro code  0x08001e4c     0x4  startup_stm32f4xx.o [1]
  .text            ro code  0x08001e50     0x4  startup_stm32f4xx.o [1]
  .text            ro code  0x08001e54     0x4  startup_stm32f4xx.o [1]
  .text            ro code  0x08001e58     0x4  startup_stm32f4xx.o [1]
  .text            ro code  0x08001e5c     0x4  startup_stm32f4xx.o [1]
  .text            ro code  0x08001e60     0x4  startup_stm32f4xx.o [1]
  .text            ro code  0x08001e64     0x4  startup_stm32f4xx.o [1]
  .text            ro code  0x08001e68     0x4  startup_stm32f4xx.o [1]
  .text            ro code  0x08001e6c     0x4  startup_stm32f4xx.o [1]
  .text            ro code  0x08001e70     0x4  startup_stm32f4xx.o [1]
  .text            ro code  0x08001e74     0x4  startup_stm32f4xx.o [1]
  .text            ro code  0x08001e78     0x4  startup_stm32f4xx.o [1]
  .text            ro code  0x08001e7c     0x4  startup_stm32f4xx.o [1]
  .text            ro code  0x08001e80     0x4  startup_stm32f4xx.o [1]
  .text            ro code  0x08001e84     0x4  startup_stm32f4xx.o [1]
  .text            ro code  0x08001e88     0x4  startup_stm32f4xx.o [1]
  .text            ro code  0x08001e8c     0x4  startup_stm32f4xx.o [1]
  .text            ro code  0x08001e90     0x4  startup_stm32f4xx.o [1]
  .text            ro code  0x08001e94     0x4  startup_stm32f4xx.o [1]
  .text            ro code  0x08001e98     0x4  startup_stm32f4xx.o [1]
  .text            ro code  0x08001e9c     0x4  startup_stm32f4xx.o [1]
  .text            ro code  0x08001ea0     0x4  startup_stm32f4xx.o [1]
  .text            ro code  0x08001ea4     0x4  startup_stm32f4xx.o [1]
  .text            ro code  0x08001ea8     0x4  startup_stm32f4xx.o [1]
  .text            ro code  0x08001eac     0x4  startup_stm32f4xx.o [1]
  .text            ro code  0x08001eb0     0x4  startup_stm32f4xx.o [1]
  .text            ro code  0x08001eb4     0x4  startup_stm32f4xx.o [1]
  .text            ro code  0x08001eb8     0x4  startup_stm32f4xx.o [1]
  .text            ro code  0x08001ebc     0x4  startup_stm32f4xx.o [1]
  .text            ro code  0x08001ec0     0x4  startup_stm32f4xx.o [1]
  .text            ro code  0x08001ec4     0x4  startup_stm32f4xx.o [1]
  .text            ro code  0x08001ec8     0x4  startup_stm32f4xx.o [1]
  .text            ro code  0x08001ecc     0x4  startup_stm32f4xx.o [1]
  .text            ro code  0x08001ed0     0x4  startup_stm32f4xx.o [1]
  .text            ro code  0x08001ed4     0x4  startup_stm32f4xx.o [1]
  .text            ro code  0x08001ed8     0x4  startup_stm32f4xx.o [1]
  .text            ro code  0x08001edc     0x4  startup_stm32f4xx.o [1]
  .text            ro code  0x08001ee0     0x4  startup_stm32f4xx.o [1]
  .text            ro code  0x08001ee4     0x4  startup_stm32f4xx.o [1]
  .text            ro code  0x08001ee8     0x4  startup_stm32f4xx.o [1]
  .text            ro code  0x08001eec     0x4  startup_stm32f4xx.o [1]
  .text            ro code  0x08001ef0     0x4  startup_stm32f4xx.o [1]
  .text            ro code  0x08001ef4     0x4  startup_stm32f4xx.o [1]
  .text            ro code  0x08001ef8     0x4  startup_stm32f4xx.o [1]
  .text            ro code  0x08001efc     0x4  startup_stm32f4xx.o [1]
  .text            ro code  0x08001f00     0x4  startup_stm32f4xx.o [1]
  .text            ro code  0x08001f04     0x4  startup_stm32f4xx.o [1]
  .text            ro code  0x08001f08     0x4  startup_stm32f4xx.o [1]
  .text            ro code  0x08001f0c     0x4  startup_stm32f4xx.o [1]
  .text            ro code  0x08001f10     0x4  startup_stm32f4xx.o [1]
  .text            ro code  0x08001f14     0x4  startup_stm32f4xx.o [1]
  .text            ro code  0x08001f18     0x4  startup_stm32f4xx.o [1]
  .text            ro code  0x08001f1c     0x4  startup_stm32f4xx.o [1]
  .text            ro code  0x08001f20     0x4  startup_stm32f4xx.o [1]
  .text            ro code  0x08001f24     0x4  startup_stm32f4xx.o [1]
  .text            ro code  0x08001f28     0x4  startup_stm32f4xx.o [1]
  .text            ro code  0x08001f2c     0x4  startup_stm32f4xx.o [1]
  .text            ro code  0x08001f30     0x4  startup_stm32f4xx.o [1]
  .text            ro code  0x08001f34     0x4  startup_stm32f4xx.o [1]
  .text            ro code  0x08001f38     0x4  startup_stm32f4xx.o [1]
  .text            ro code  0x08001f3c     0x4  startup_stm32f4xx.o [1]
  .text            ro code  0x08001f40     0x4  startup_stm32f4xx.o [1]
  .text            ro code  0x08001f44     0x4  startup_stm32f4xx.o [1]
  .text            ro code  0x08001f48     0x4  startup_stm32f4xx.o [1]
  .text            ro code  0x08001f4c     0x4  startup_stm32f4xx.o [1]
  .text            ro code  0x08001f50     0x4  startup_stm32f4xx.o [1]
  .text            ro code  0x08001f54     0x4  startup_stm32f4xx.o [1]
  .rodata          const    0x08001f58     0x0  zero_init3.o [5]
                          - 0x08001f58  0x1dd0

"P2", part 1 of 2:                        0x44
  .bss             zero     0x20000000     0x4  stm32f4xx_it.o [1]
  .bss             zero     0x20000004     0x4  stm32f4xx_it.o [1]
  .bss             zero     0x20000008     0x4  stm32f4xx_it.o [1]
  .bss             zero     0x2000000c     0x4  stm32f4xx_it.o [1]
  .bss             zero     0x20000010     0x4  stm32f4xx_it.o [1]
  .bss             zero     0x20000014     0x4  stm32f4xx_it.o [1]
  .bss             zero     0x20000018     0x4  stm32f4xx_it.o [1]
  .bss             zero     0x2000001c     0x4  stm32f4xx_it.o [1]
  .bss             zero     0x20000020     0x4  stm32f4xx_it.o [1]
  .bss             zero     0x20000024     0x4  stm32f4xx_it.o [1]
  .bss             zero     0x20000028     0x4  stm32f4xx_it.o [1]
  .bss             zero     0x2000002c     0x4  stm32f4xx_it.o [1]
  .bss             zero     0x20000030     0x4  stm32f4xx_it.o [1]
  .bss             zero     0x20000034     0x4  stm32f4xx_it.o [1]
  .bss             zero     0x20000038     0x2  L3GD20.o [1]
  .bss             zero     0x2000003a     0x2  stm32f4xx_it.o [1]
  .bss             zero     0x2000003c     0x2  stm32f4xx_it.o [1]
  .bss             zero     0x2000003e     0x2  stm32f4xx_it.o [1]
  .bss             zero     0x20000040     0x1  stm32f4xx_it.o [1]
                          - 0x20000041    0x41

"P2", part 2 of 2:                      0x2000
  CSTACK                    0x20000048  0x2000  <Block>
    CSTACK         uninit   0x20000048  0x2000  <Block tail>
                          - 0x20002048  0x2000


*******************************************************************************
*** INIT TABLE
***

          Address     Size
          -------     ----
Zero (__iar_zero_init3)
    1 destination range, total size 0x41:
          0x20000000  0x41



*******************************************************************************
*** MODULE SUMMARY
***

    Module               ro code  ro data  rw data
    ------               -------  -------  -------
C:\embeded_programming\robot\Debug\Obj: [1]
    L3GD20.o                 210                 2
    LSM303DLHC.o             260
    main.o                 2 444
    startup_stm32f4xx.o      772
    stm32f4xx_it.o           592        2       63
    system_stm32f4xx.o       324
    ----------------------------------------------
    Total:                 4 602        2       65

command line: [2]
    ----------------------------------------------
    Total:

dl7M_tln.a: [3]
    exit.o                     4
    low_level_init.o           4
    ----------------------------------------------
    Total:                     8

m7M_tl.a: [4]
    DblAdd.o                 376
    DblDiv.o                 582
    DblMul.o                 418
    DblSub.o                 210
    DblToFlt.o               104
    DblToS32.o                58
    FltAdd.o                 226
    FltCmpGe.o                36
    FltCmpLe.o                36
    FltDiv.o                 252
    FltMul.o                 216
    FltSub.o                 128
    FltToDbl.o                72
    S32ToDbl.o                34
    S32ToFlt.o                36
    U32ToDbl.o                26
    atan32.o                 108
    iar_Atan32.o             288
    ----------------------------------------------
    Total:                 3 206

rt7M_tl.a: [5]
    cexit.o                   10
    cmain.o                   26
    cstartup_M.o              12
    data_init.o               40
    zero_init3.o              64
    ----------------------------------------------
    Total:                   152

shb_l.a: [6]
    exit.o                    20
    ----------------------------------------------
    Total:                    20

    Gaps                      18
    Linker created                     16    8 192
--------------------------------------------------
    Grand Total:           8 006       18    8 257


*******************************************************************************
*** ENTRY LIST
***

Entry                      Address   Size  Type      Object
-----                      -------   ----  ----      ------
.iar.init_table$$Base   0x08001d7c          --   Gb  - Linker created -
.iar.init_table$$Limit  0x08001d8c          --   Gb  - Linker created -
?main                   0x08001d8d         Code  Gb  cmain.o [5]
BusFault_Handler        0x08001987    0x2  Code  Gb  stm32f4xx_it.o [1]
CSTACK$$Base            0x20000048          --   Gb  - Linker created -
CSTACK$$Limit           0x20002048          --   Gb  - Linker created -
Data_A                  0x2000002c    0x4  Data  Gb  stm32f4xx_it.o [1]
Data_G                  0x20000030    0x4  Data  Gb  stm32f4xx_it.o [1]
DebugMon_Handler        0x0800198d    0x2  Code  Gb  stm32f4xx_it.o [1]
EXTI0_IRQHandler        0x0800199b   0x2c  Code  Gb  stm32f4xx_it.o [1]
HardFault_Handler       0x08001983    0x2  Code  Gb  stm32f4xx_it.o [1]
I2C_Addr                0x08000c5b   0x18  Code  Gb  LSM303DLHC.o [1]
I2C_Read                0x08000c2b   0x30  Code  Gb  LSM303DLHC.o [1]
I2C_Start               0x08000bf9   0x1c  Code  Gb  LSM303DLHC.o [1]
I2C_Stop                0x08000c15   0x16  Code  Gb  LSM303DLHC.o [1]
I2C_Write               0x08000be9   0x10  Code  Gb  LSM303DLHC.o [1]
Init                    0x080005c5  0x252  Code  Gb  main.o [1]
L3GD20_read_reg         0x08000bc1   0x26  Code  Gb  L3GD20.o [1]
L3GD20_write_reg        0x08000b9d   0x24  Code  Gb  L3GD20.o [1]
MemManage_Handler       0x08001985    0x2  Code  Gb  stm32f4xx_it.o [1]
NMI_Handler             0x08001981    0x2  Code  Gb  stm32f4xx_it.o [1]
NVIC_EnableIRQ          0x08000189   0x16  Code  Lc  main.o [1]
NVIC_SetPriority        0x0800019f   0x26  Code  Lc  main.o [1]
PID                     0x0800088d  0x118  Code  Gb  main.o [1]
PWM                     0x08000817   0x76  Code  Gb  main.o [1]
PendSV_Handler          0x0800198f    0x2  Code  Gb  stm32f4xx_it.o [1]
Region$$Table$$Base     0x08001d7c          --   Gb  - Linker created -
Region$$Table$$Limit    0x08001d8c          --   Gb  - Linker created -
SPI_slaveSelect_ctrl    0x08000b15   0x1e  Code  Gb  L3GD20.o [1]
SVC_Handler             0x0800198b    0x2  Code  Gb  stm32f4xx_it.o [1]
SetSysClock             0x08001c17   0xce  Code  Lc  system_stm32f4xx.o [1]
Spi_sendrecv            0x08000b33   0x56  Code  Gb  L3GD20.o [1]
SysTick_Handler         0x08001991    0xa  Code  Gb  stm32f4xx_it.o [1]
SystemInit              0x08001bd1   0x46  Code  Gb  system_stm32f4xx.o [1]
TIM1_CC_IRQHandler      0x08001bcf    0x2  Code  Gb  stm32f4xx_it.o [1]
TIM1_UP_TIM10_IRQHandler
                        0x08001bcd    0x2  Code  Gb  stm32f4xx_it.o [1]
TIM2_IRQHandler         0x080019c7  0x188  Code  Gb  stm32f4xx_it.o [1]
TIM3_IRQHandler         0x08001bc9    0x2  Code  Gb  stm32f4xx_it.o [1]
TIM4_IRQHandler         0x08001bcb    0x2  Code  Gb  stm32f4xx_it.o [1]
UsageFault_Handler      0x08001989    0x2  Code  Gb  stm32f4xx_it.o [1]
Xaxis_G                 0x2000003a    0x2  Data  Gb  stm32f4xx_it.o [1]
Xaxis_dps_G             0x2000000c    0x4  Data  Gb  stm32f4xx_it.o [1]
Yaxis_A                 0x2000003e    0x2  Data  Gb  stm32f4xx_it.o [1]
Yaxis_ms2_A             0x20000004    0x4  Data  Gb  stm32f4xx_it.o [1]
Zaxis_A                 0x2000003c    0x2  Data  Gb  stm32f4xx_it.o [1]
Zaxis_ms2_A             0x20000000    0x4  Data  Gb  stm32f4xx_it.o [1]
__aeabi_cfcmple         0x0800172d         Code  Gb  FltCmpLe.o [4]
__aeabi_cfrcmple        0x08001331         Code  Gb  FltCmpGe.o [4]
__aeabi_d2f             0x080010fd         Code  Gb  DblToFlt.o [4]
__aeabi_d2iz            0x08001751         Code  Gb  DblToS32.o [4]
__aeabi_dadd            0x08001535         Code  Gb  DblAdd.o [4]
__aeabi_ddiv            0x08000eb5         Code  Gb  DblDiv.o [4]
__aeabi_dmul            0x08000d11         Code  Gb  DblMul.o [4]
__aeabi_f2d             0x080012cd         Code  Gb  FltToDbl.o [4]
__aeabi_fadd            0x08001379         Code  Gb  FltAdd.o [4]
__aeabi_fdiv            0x08001165         Code  Gb  FltDiv.o [4]
__aeabi_fmul            0x0800145d         Code  Gb  FltMul.o [4]
__aeabi_fsub            0x080016ad         Code  Gb  FltSub.o [4]
__aeabi_i2d             0x08000ced         Code  Gb  S32ToDbl.o [4]
__aeabi_i2f             0x08001355         Code  Gb  S32ToFlt.o [4]
__aeabi_ui2d            0x08001315         Code  Gb  U32ToDbl.o [4]
__cmain                 0x08001d8d         Code  Gb  cmain.o [5]
__exit                  0x08001dbd   0x14  Code  Gb  exit.o [6]
__iar_Atan32            0x0800178d   0xe4  Code  Gb  iar_Atan32.o [4]
__iar_atan32            0x08001261   0x6c  Code  Gb  atan32.o [4]
__iar_dadd              0x080018ad         Code  Gb  DblSub.o [4]
__iar_data_init3        0x08001d55   0x28  Code  Gb  data_init.o [5]
__iar_dsub              0x08001545         Code  Gb  DblAdd.o [4]
__iar_dsubStart         0x08001557         Code  Gb  DblAdd.o [4]
__iar_fadd              0x080016b9         Code  Gb  FltSub.o [4]
__iar_fsub              0x08001385         Code  Gb  FltAdd.o [4]
__iar_fsubStart         0x08001395         Code  Gb  FltAdd.o [4]
__iar_program_start     0x08001de1         Code  Gb  cstartup_M.o [5]
__iar_systems$$module {Abs}
                        0x00000001         Data  Gb  command line/config [2]
__iar_zero_init3        0x08001d15   0x40  Code  Gb  zero_init3.o [5]
__low_level_init        0x08001da7    0x4  Code  Gb  low_level_init.o [3]
__vector_table          0x08000000         Data  Gb  startup_stm32f4xx.o [1]
_call_main              0x08001d99         Code  Gb  cmain.o [5]
_exit                   0x08001db1         Code  Gb  cexit.o [5]
_main                   0x08001da3         Code  Gb  cmain.o [5]
a                       0x0800188c   0x20  Data  Lc  iar_Atan32.o [4]
atanf                   0x08001261   0x6c  Code  Gb  atan32.o [4]
czestotliwosc           0x08000be6    0x2  Data  Gb  stm32f4xx_it.o [1]
derivative              0x20000024    0x4  Data  Gb  stm32f4xx_it.o [1]
dt_G                    0x20000014    0x4  Data  Gb  stm32f4xx_it.o [1]
exit                    0x08001dab    0x4  Code  Gb  exit.o [3]
integral                0x20000020    0x4  Data  Gb  stm32f4xx_it.o [1]
licznik                 0x20000040    0x1  Data  Gb  stm32f4xx_it.o [1]
lsm_read                0x08000cb5   0x38  Code  Gb  LSM303DLHC.o [1]
lsm_set_reg             0x08000c85   0x18  Code  Gb  LSM303DLHC.o [1]
lsm_write               0x08000c9d   0x18  Code  Gb  LSM303DLHC.o [1]
main                    0x080001c5  0x400  Code  Gb  main.o [1]
pomiar                  0x20000018    0x4  Data  Gb  stm32f4xx_it.o [1]
pomiar_A                0x20000008    0x4  Data  Gb  stm32f4xx_it.o [1]
pomiar_G                0x20000010    0x4  Data  Gb  stm32f4xx_it.o [1]
pomiar_poprzedni        0x20000034    0x4  Data  Gb  stm32f4xx_it.o [1]
proportional            0x20000028    0x4  Data  Gb  stm32f4xx_it.o [1]
timeout                 0x20000038    0x2  Data  Gb  L3GD20.o [1]
wart_wyjsc_pid          0x2000001c    0x4  Data  Gb  stm32f4xx_it.o [1]


[1] = C:\embeded_programming\robot\Debug\Obj
[2] = command line
[3] = dl7M_tln.a
[4] = m7M_tl.a
[5] = rt7M_tl.a
[6] = shb_l.a

  8 006 bytes of readonly  code memory
     18 bytes of readonly  data memory
  8 257 bytes of readwrite data memory

Errors: none
Warnings: none
